Full isolated db:test: PASS; process exit 0.
Schema SHA: 3b41ca827407feb2a65d05be5ffc67bc09a95c51
Database: ri_p0_ci_test_20261007 on disposable loopback 55487.
383 migrations replayed; P0 suite precedes historical teardown.
Sentinel:35; method library:123 with negative control, rollback and reapply.
Autovacuum restored to on. No hosted writes.
Original full local log: /private/tmp/ri-p0-ci-replay-20261007.log

 DB suite OK: 162 domain assertions,
              43 employer membership standing assertions,
              63 employer report access matrix assertions,
              66 employer report access model assertions,
              43 interview case access model assertions,
              322 Security Work assertions in each rollback round,
              12 Security Work planted-defect controls,
              62 Career Discovery assertions,
              64 Career Discovery v3.1 assertions,
              58 v3.1 completion + stability assertions,
              28 public v3.1 flow assertions,
              36 Career Discovery availability matrix assertions (4 planted controls),
              84 v3.1 personal layer assertions,
              52 Competency Graph assertions,
              39 Academy assertions,
              62 Phase 1F content assertions,
              19 Phase 2 identity assertions,
              106 Phase 2 journey assertions,
              105 Vaktare journey assertions,
              34 purpose-governance assertions,
              57 report audience assertions,
              24 report evidence-scope assertions,
              60 recruitment brief + interview guide assertions,
              80 recruitment journey assertions,
              70 lifecycle bridge assertions,
              48 pilot security-gate assertions,
              70 employer response-reviewer assertions,
              36 person identity spine assertions,
              36 workforce lifecycle E2E assertions,
              45 content library + maturity-isolation assertions,
              45 training delivery journey assertions,
              18 employer people model assertions,
              73 Role Interview Pack governance assertions,
              85 Interview Intelligence runtime assertions,
              99 Interview Intelligence integrity assertions,
              75 CQrity TRUST method assertions,
              56 Recruiter Intelligence interview foundation assertions,
              51 rollback assertions,
              45 application-disclosure assertions,
              303 skill/language taxonomy assertions,
              14 job archive assertions,
              145 admin lifecycle assertions,
              27 admin assignment cancellation assertions,
              29 job lifecycle + notification assertions,
              19 standard recruitment availability assertions,
              60 option-order integrity assertions,
              44 three-market foundation assertions,
              24 Swedish truth model assertions,
              23 UK market pack assertions,
              17 UK title rule assertions,
              26 Dubai market pack assertions,
              48 internal-pilot entitlement assertions,
              165 global certification assertions,
              15 global certification rollback data-safety assertions,
              34 legacy scope correction assertions,
              12 scope disclosure boundary assertions,
              7 rollback data-safety assertions
              52 pilot bug fix #1 assertions,
              58 trust boundary assertions,
              42 trust-source containment assertions,
              111 Passport number and social share assertions,
              76 employer employment verification assertions,
              8 concurrent-decision assertions,
              117 first-merit assertions,
              11 concurrent first-merit assertions,
              14 two-operation first-merit race assertions,
              4 rollback correction assertions,
              32 E2 issuer participant-preview assertions,
              121 employer final-report basis assertions,
              442 BESKT governed-content assertions,
              65 BESKT content-authoring assertions,
              4 BESKT one-open-version race assertions,
              8 BESKT child-write versus publication race assertions,
              4 BESKT rollback planted-dependency assertions,
              249 BESKT candidate-preparation assertions,
              47 BESKT interview-case bridge assertions,
              106 BESKT interview-conduct assertions,
              71 BESKT prompts-and-report assertions
====================================================
